// Jest Snapshot v1, https://goo.gl/fbAQLP

exports[`Dashboard component Renders static elements 1`] = `
<div
  className="dashboard"
>
  <h2
    className="mb-3 dashboard__title"
  >
    What have you done this week
     rafa
    ?
  </h2>
  <div
    className="d-flex justify-content-center"
  >
    <button
      className="btn btn-primary btn-lg dashboard__add"
    >
      Add habit
    </button>
  </div>
</div>
`;

exports[`Dashboard component Shows the correct ammount of habits 1`] = `
<div
  className="dashboard"
>
  <h2
    className="mb-3 dashboard__title"
  >
    What have you done this week
    ?
  </h2>
  <div>
    <div
      className="mb-3 dashboard__container"
    >
      <div
        className="dashboard__habits"
      >
        <div
          className="dashboard__row"
        />
        <div
          className="dashboard__row"
          key="habit-0"
        >
          exercise
        </div>
        <div
          className="dashboard__row"
          key="habit-1"
        >
          read
        </div>
      </div>
      <div
        className="dashboard__days"
      >
        <div
          className="dashboard__row"
        >
          <h4
            className="dashboard__cell"
          >
            Mon
          </h4>
          <h4
            className="dashboard__cell"
          >
            Tue
          </h4>
          <h4
            className="dashboard__cell"
          >
            Wed
          </h4>
          <h4
            className="dashboard__cell"
          >
            Thu
          </h4>
          <h4
            className="dashboard__cell"
          >
            Fri
          </h4>
          <h4
            className="dashboard__cell"
          >
            Sat
          </h4>
          <h4
            className="dashboard__cell"
          >
            Sun
          </h4>
        </div>
        <div
          className="dashboard__row"
          key="check-container-0"
        >
          <HabitCheckbox
            className="dashboard__cell"
            clickHandler={[Function]}
            isChecked={false}
            key="check-0-0"
          />
          <HabitCheckbox
            className="dashboard__cell"
            clickHandler={[Function]}
            isChecked={false}
            key="check-0-1"
          />
          <HabitCheckbox
            className="dashboard__cell"
            clickHandler={[Function]}
            isChecked={false}
            key="check-0-2"
          />
          <HabitCheckbox
            className="dashboard__cell"
            clickHandler={[Function]}
            isChecked={false}
            key="check-0-3"
          />
          <HabitCheckbox
            className="dashboard__cell"
            clickHandler={[Function]}
            isChecked={false}
            key="check-0-4"
          />
          <HabitCheckbox
            className="dashboard__cell"
            clickHandler={[Function]}
            isChecked={false}
            key="check-0-5"
          />
          <HabitCheckbox
            className="dashboard__cell"
            clickHandler={[Function]}
            isChecked={false}
            key="check-0-6"
          />
        </div>
        <div
          className="dashboard__row"
          key="check-container-1"
        >
          <HabitCheckbox
            className="dashboard__cell"
            clickHandler={[Function]}
            isChecked={false}
            key="check-1-0"
          />
          <HabitCheckbox
            className="dashboard__cell"
            clickHandler={[Function]}
            isChecked={false}
            key="check-1-1"
          />
          <HabitCheckbox
            className="dashboard__cell"
            clickHandler={[Function]}
            isChecked={false}
            key="check-1-2"
          />
          <HabitCheckbox
            className="dashboard__cell"
            clickHandler={[Function]}
            isChecked={false}
            key="check-1-3"
          />
          <HabitCheckbox
            className="dashboard__cell"
            clickHandler={[Function]}
            isChecked={false}
            key="check-1-4"
          />
          <HabitCheckbox
            className="dashboard__cell"
            clickHandler={[Function]}
            isChecked={false}
            key="check-1-5"
          />
          <HabitCheckbox
            className="dashboard__cell"
            clickHandler={[Function]}
            isChecked={false}
            key="check-1-6"
          />
        </div>
      </div>
    </div>
  </div>
  <hr />
  <div
    className="d-flex justify-content-center"
  >
    <button
      className="btn btn-primary btn-lg dashboard__add"
    >
      Add habit
    </button>
  </div>
</div>
`;

exports[`Dashboard component clicks on  1`] = `
<div
  className="dashboard"
>
  <h2
    className="mb-3 dashboard__title"
  >
    What have you done this week
    ?
  </h2>
  <div>
    <div
      className="mb-3 dashboard__container"
    >
      <div
        className="dashboard__habits"
      >
        <div
          className="dashboard__row"
        />
        <div
          className="dashboard__row"
          key="habit-0"
        >
          exercise
        </div>
        <div
          className="dashboard__row"
          key="habit-1"
        >
          read
        </div>
      </div>
      <div
        className="dashboard__days"
      >
        <div
          className="dashboard__row"
        >
          <h4
            className="dashboard__cell"
          >
            Mon
          </h4>
          <h4
            className="dashboard__cell"
          >
            Tue
          </h4>
          <h4
            className="dashboard__cell"
          >
            Wed
          </h4>
          <h4
            className="dashboard__cell"
          >
            Thu
          </h4>
          <h4
            className="dashboard__cell"
          >
            Fri
          </h4>
          <h4
            className="dashboard__cell"
          >
            Sat
          </h4>
          <h4
            className="dashboard__cell"
          >
            Sun
          </h4>
        </div>
        <div
          className="dashboard__row"
          key="check-container-0"
        >
          <HabitCheckbox
            className="dashboard__cell"
            clickHandler={[Function]}
            isChecked={false}
            key="check-0-0"
          />
          <HabitCheckbox
            className="dashboard__cell"
            clickHandler={[Function]}
            isChecked={false}
            key="check-0-1"
          />
          <HabitCheckbox
            className="dashboard__cell"
            clickHandler={[Function]}
            isChecked={false}
            key="check-0-2"
          />
          <HabitCheckbox
            className="dashboard__cell"
            clickHandler={[Function]}
            isChecked={false}
            key="check-0-3"
          />
          <HabitCheckbox
            className="dashboard__cell"
            clickHandler={[Function]}
            isChecked={false}
            key="check-0-4"
          />
          <HabitCheckbox
            className="dashboard__cell"
            clickHandler={[Function]}
            isChecked={false}
            key="check-0-5"
          />
          <HabitCheckbox
            className="dashboard__cell"
            clickHandler={[Function]}
            isChecked={false}
            key="check-0-6"
          />
        </div>
        <div
          className="dashboard__row"
          key="check-container-1"
        >
          <HabitCheckbox
            className="dashboard__cell"
            clickHandler={[Function]}
            isChecked={false}
            key="check-1-0"
          />
          <HabitCheckbox
            className="dashboard__cell"
            clickHandler={[Function]}
            isChecked={false}
            key="check-1-1"
          />
          <HabitCheckbox
            className="dashboard__cell"
            clickHandler={[Function]}
            isChecked={false}
            key="check-1-2"
          />
          <HabitCheckbox
            className="dashboard__cell"
            clickHandler={[Function]}
            isChecked={false}
            key="check-1-3"
          />
          <HabitCheckbox
            className="dashboard__cell"
            clickHandler={[Function]}
            isChecked={false}
            key="check-1-4"
          />
          <HabitCheckbox
            className="dashboard__cell"
            clickHandler={[Function]}
            isChecked={false}
            key="check-1-5"
          />
          <HabitCheckbox
            className="dashboard__cell"
            clickHandler={[Function]}
            isChecked={false}
            key="check-1-6"
          />
        </div>
      </div>
    </div>
  </div>
  <hr />
  <div
    className="d-flex justify-content-center"
  >
    <button
      className="btn btn-primary btn-lg dashboard__add"
    >
      Add habit
    </button>
  </div>
</div>
`;
