// Jest Snapshot v1, https://goo.gl/fbAQLP

exports[`HabitRows component Renders static elements 1`] = `null`;
