// Jest Snapshot v1, https://goo.gl/fbAQLP

exports[`NewHabits component Renders static elements 1`] = `
<div
  className="new-habits"
>
  <h2
    className="new-habits__title"
  >
    Ready to start a new habit?
  </h2>
  <div
    className="mb-3"
  >
    <label
      htmlFor="new-habit-name"
    >
      Name
    </label>
    <input
      className="form-control"
      id="new-habit-name"
      onChange={[Function]}
      value=""
    />
  </div>
  <div
    className="mb-3"
  >
    <label
      htmlFor="new-habit-type"
    >
      Type
    </label>
    <select
      className="form-control"
      id="new-habit-type"
      onBlur={[Function]}
      onChange={[Function]}
      value=""
    >
      <option
        value=""
      />
      <option
        value="Health"
      >
        Health
      </option>
      <option
        value="Social"
      >
        Social
      </option>
      <option
        value="Career"
      >
        Career
      </option>
      <option
        value="Hobbies"
      >
        Hobbies
      </option>
    </select>
  </div>
  <div
    className="mb-3"
  >
    <label
      htmlFor="new-habit-frequency"
    >
      Frequency
    </label>
    <select
      className="form-control"
      id="new-habit-frequency"
      onBlur={[Function]}
      onChange={[Function]}
      value=""
    >
      <option
        value=""
      />
      <option
        value="1"
      >
        1x
      </option>
      <option
        value="2"
      >
        2x
      </option>
      <option
        value="3"
      >
        3x
      </option>
      <option
        value="4"
      >
        4x
      </option>
      <option
        value="5"
      >
        5x
      </option>
      <option
        value="6"
      >
        6x
      </option>
      <option
        value="7"
      >
        7x
      </option>
    </select>
  </div>
  <hr
    className="mb-4"
  />
  <button
    className="btn btn-primary btn-lg btn-block"
    onClick={[Function]}
  >
    Create!
  </button>
</div>
`;
