// Jest Snapshot v1, https://goo.gl/fbAQLP

exports[`SaveHabit component Renders static elements 1`] = `
<form
  className="mobile-size-container "
  noValidate={true}
  onSubmit={[Function]}
>
  <h2>
    Nice, what will it be?
  </h2>
  <div
    className="mb-3"
  >
    <label
      htmlFor="new-habit-name"
    >
      Name
    </label>
    <input
      className="form-control"
      id="new-habit-name"
      onChange={[Function]}
      required={true}
      value="name"
    />
    <div
      className="invalid-feedback"
    >
      Hey! Trying to commit to "Blank"?
    </div>
  </div>
  <div
    className="mb-3"
  >
    <label
      htmlFor="new-habit-type"
    >
      Type
    </label>
    <select
      className="form-control"
      id="new-habit-type"
      onBlur={[Function]}
      onChange={[Function]}
      required={true}
      value="1"
    >
      <option
        value=""
      />
      <option
        value="Health"
      >
        Health
      </option>
      <option
        value="Social"
      >
        Social
      </option>
      <option
        value="Career"
      >
        Career
      </option>
      <option
        value="Hobbies"
      >
        Hobbies
      </option>
    </select>
    <div
      className="invalid-feedback"
    >
      Common... Help me help you!
    </div>
  </div>
  <div
    className="mb-3"
  >
    <label
      htmlFor="new-habit-frequency"
    >
      Frequency
    </label>
    <select
      className="form-control"
      id="new-habit-frequency"
      onBlur={[Function]}
      onChange={[Function]}
      required={true}
      value="frequency"
    >
      <option
        value=""
      />
      <option
        value="1"
      >
        1x
      </option>
      <option
        value="2"
      >
        2x
      </option>
      <option
        value="3"
      >
        3x
      </option>
      <option
        value="4"
      >
        4x
      </option>
      <option
        value="5"
      >
        5x
      </option>
      <option
        value="6"
      >
        6x
      </option>
      <option
        value="7"
      >
        7x
      </option>
    </select>
    <div
      className="invalid-feedback"
    >
      Funny, that's an easy way to ace it!
    </div>
  </div>
  <hr
    className="mb-4"
  />
  <button
    className="btn btn-primary btn-lg btn-block"
    type="submit"
  >
    Let's start!
  </button>
  <button
    className="btn btn-secondary btn-lg btn-block"
  >
    Maybe tomorrow...
  </button>
</form>
`;
