// Jest Snapshot v1, https://goo.gl/fbAQLP

exports[`App component Renders static elements 1`] = `
<div>
  <Router>
    <Connect(Welcome)
      default={true}
      path="/"
    />
    <Connect(Dashboard)
      path="/dashboard"
    />
  </Router>
</div>
`;
