// Jest Snapshot v1, https://goo.gl/fbAQLP

exports[`Dashboard component Renders static elements 1`] = `
<div>
  Dashboard
</div>
`;
