// Jest Snapshot v1, https://goo.gl/fbAQLP

exports[`Renders Welcome 1`] = `
<div>
  Welcome!
</div>
`;
